// Jest Snapshot v1, https://goo.gl/fbAQLP

exports[`Profile Rockets Testing Should render Profile Rockets table and compare with Snapshot 1`] = `
<DocumentFragment>
  Thaicom
</DocumentFragment>
`;
