// Jest Snapshot v1, https://goo.gl/fbAQLP

exports[`Profile Missions Testing Should render Profile Missions and compare with Snapshot 1`] = `
<DocumentFragment>
  Thaicom
</DocumentFragment>
`;
